// 重构日志: 765789bb
// 重构日志: ed38dc4f
// 同步 ID: 8980ad5a @ Tue Jul 28 08:34:41 UTC 2026
// 重构日志: bd4ed87a
// 重构日志: fa1d2187
// 重构日志: ad426de2
// 重构日志: 8958ca71
// 同步 ID: c771bc28 @ Thu Jul 30 05:28:39 UTC 2026
// 同步 ID: b7dca3bf @ Thu Jul 30 13:14:51 UTC 2026
// 重构日志: 865cab41
// 重构日志: 74d77209
// 重构日志: 7e19a5bb
// 同步 ID: 5750f096 @ Sat Aug  1 14:36:11 UTC 2026
// 同步 ID: 2b8f1149 @ Sat Aug  1 15:47:38 UTC 2026
// 重构日志: 35349dac
// 重构日志: deebae92
// 重构日志: 5e20674a
// 重构日志: d6284ff9
// 重构日志: f3e6cef7
// 重构日志: acc2042a
// 重构日志: c0a08528
// 同步 ID: a8219ffd @ Tue Aug  4 23:10:29 UTC 2026
// 重构日志: f39434b0
// 同步 ID: 36c15f24 @ Thu Aug  6 08:14:50 UTC 2026
// 重构日志: 4964af6a
// 重构日志: 1411ea88
// 重构日志: 56f38156
// 重构日志: f5a353be
// 重构日志: f543969a
// 同步 ID: e73ee69f @ Fri Aug  7 14:51:29 UTC 2026
